2025-08-26 16:41:15,829 INFO o.a.j.u.JMeterUtils: Setting Locale to en_EN
2025-08-26 16:41:15,860 INFO o.a.j.JMeter: Loading user properties from: user.properties
2025-08-26 16:41:15,860 INFO o.a.j.JMeter: Loading system properties from: system.properties
2025-08-26 16:41:15,876 INFO o.a.j.JMeter: Copyright (c) 1998-2024 The Apache Software Foundation
2025-08-26 16:41:15,876 INFO o.a.j.JMeter: Version 5.6.3
2025-08-26 16:41:15,891 INFO o.a.j.JMeter: java.version=1.8.0_421
2025-08-26 16:41:15,891 INFO o.a.j.JMeter: java.vm.name=Java HotSpot(TM) Client VM
2025-08-26 16:41:15,891 INFO o.a.j.JMeter: os.name=Windows 11
2025-08-26 16:41:15,891 INFO o.a.j.JMeter: os.arch=x86
2025-08-26 16:41:15,891 INFO o.a.j.JMeter: os.version=10.0
2025-08-26 16:41:15,891 INFO o.a.j.JMeter: file.encoding=Cp1252
2025-08-26 16:41:15,891 INFO o.a.j.JMeter: java.awt.headless=null
2025-08-26 16:41:15,891 INFO o.a.j.JMeter: Max memory     =1073741824
2025-08-26 16:41:15,891 INFO o.a.j.JMeter: Available Processors =2
2025-08-26 16:41:15,891 INFO o.a.j.JMeter: Default Locale=English (EN)
2025-08-26 16:41:15,891 INFO o.a.j.JMeter: JMeter  Locale=English (EN)
2025-08-26 16:41:15,891 INFO o.a.j.JMeter: JMeterHome=C:\a\desempenho-pcc\apache-jmeter-5.6.3\apache-jmeter-5.6.3
2025-08-26 16:41:15,891 INFO o.a.j.JMeter: user.dir  =C:\a\desempenho-pcc\apache-jmeter-5.6.3\apache-jmeter-5.6.3\bin
2025-08-26 16:41:15,891 INFO o.a.j.JMeter: PWD       =C:\a\desempenho-pcc\apache-jmeter-5.6.3\apache-jmeter-5.6.3\bin
2025-08-26 16:41:15,907 INFO o.a.j.JMeter: IP: 192.168.1.7 Name: Mirelle FullName: Mirelle
2025-08-26 16:41:15,938 INFO o.a.j.JMeter: Loaded icon properties from org/apache/jmeter/images/icon.properties
2025-08-26 16:41:16,360 INFO o.a.j.JMeterGuiLauncher: Setting LAF to: com.github.weisj.darklaf.DarkLaf:com.github.weisj.darklaf.theme.DarculaTheme
2025-08-26 16:41:18,532 INFO o.a.j.r.ClassFinder: Will scan jar C:\a\desempenho-pcc\apache-jmeter-5.6.3\apache-jmeter-5.6.3\lib\ext\jmeter-plugins-manager-1.11.jar with filter ExtendsClassFilter [parents=[interface org.apache.jmeter.gui.action.Command], inner=false, contains=null, notContains=null]. Consider exposing JMeter plugins via META-INF/services, and add JMeter-Skip-Class-Scanning=true manifest attribute so JMeter can skip classfile scanning
2025-08-26 16:41:18,813 INFO o.a.j.r.ClassFinder: Will scan jar C:\a\desempenho-pcc\apache-jmeter-5.6.3\apache-jmeter-5.6.3\lib\ext\jmeter-plugins-perfmon-2.1.jar with filter ExtendsClassFilter [parents=[interface org.apache.jmeter.gui.action.Command], inner=false, contains=null, notContains=null]. Consider exposing JMeter plugins via META-INF/services, and add JMeter-Skip-Class-Scanning=true manifest attribute so JMeter can skip classfile scanning
2025-08-26 16:41:18,985 INFO o.a.j.r.ClassFinder: Will scan jar C:\a\desempenho-pcc\apache-jmeter-5.6.3\apache-jmeter-5.6.3\lib\ext\jmeter-plugins-manager-1.11.jar with filter ExtendsClassFilter [parents=[interface org.apache.jmeter.gui.plugin.MenuCreator], inner=false, contains=null, notContains=null]. Consider exposing JMeter plugins via META-INF/services, and add JMeter-Skip-Class-Scanning=true manifest attribute so JMeter can skip classfile scanning
2025-08-26 16:41:18,985 INFO o.a.j.r.ClassFinder: Will scan jar C:\a\desempenho-pcc\apache-jmeter-5.6.3\apache-jmeter-5.6.3\lib\ext\jmeter-plugins-perfmon-2.1.jar with filter ExtendsClassFilter [parents=[interface org.apache.jmeter.gui.plugin.MenuCreator], inner=false, contains=null, notContains=null]. Consider exposing JMeter plugins via META-INF/services, and add JMeter-Skip-Class-Scanning=true manifest attribute so JMeter can skip classfile scanning
2025-08-26 16:41:20,110 INFO o.j.r.JARSourceHTTP: Found cached repo
2025-08-26 16:41:21,094 INFO o.j.r.PluginManager: Plugins Status: [jpgc-perfmon=2.1, jpgc-plugins-manager=1.11, jmeter-core=5.6.3, jmeter-ftp=5.6.3, jmeter-http=5.6.3, jmeter-jdbc=5.6.3, jmeter-jms=5.6.3, jmeter-junit=5.6.3, jmeter-java=5.6.3, jmeter-ldap=5.6.3, jmeter-mail=5.6.3, jmeter-mongodb=5.6.3, jmeter-native=5.6.3, jmeter-tcp=5.6.3, jmeter-components=5.6.3]
2025-08-26 16:42:10,016 INFO o.a.j.s.FileServer: Default base='C:\a\desempenho-pcc\apache-jmeter-5.6.3\apache-jmeter-5.6.3\bin'
2025-08-26 16:42:10,016 INFO o.a.j.g.a.Load: Loading file: C:\a\desempenho-pcc\imagens cpu e memoria\teste-javaScript.jmx
2025-08-26 16:42:10,016 INFO o.a.j.s.FileServer: Set new base='C:\a\desempenho-pcc\imagens cpu e memoria'
2025-08-26 16:42:10,391 INFO o.a.j.s.SaveService: Testplan (JMX) version: 2.2. Testlog (JTL) version: 2.2
2025-08-26 16:42:10,484 INFO o.a.j.s.SaveService: Using SaveService properties file encoding UTF-8
2025-08-26 16:42:10,484 INFO o.a.j.s.SaveService: Using SaveService properties version 5.0
2025-08-26 16:42:10,500 INFO o.a.j.s.SaveService: Loading file: C:\a\desempenho-pcc\imagens cpu e memoria\teste-javaScript.jmx
2025-08-26 16:42:10,844 INFO o.a.j.p.h.s.HTTPSamplerBase: Parser for text/html is org.apache.jmeter.protocol.http.parser.LagartoBasedHtmlParser
2025-08-26 16:42:10,844 INFO o.a.j.p.h.s.HTTPSamplerBase: Parser for application/xhtml+xml is org.apache.jmeter.protocol.http.parser.LagartoBasedHtmlParser
2025-08-26 16:42:10,844 INFO o.a.j.p.h.s.HTTPSamplerBase: Parser for application/xml is org.apache.jmeter.protocol.http.parser.LagartoBasedHtmlParser
2025-08-26 16:42:10,844 INFO o.a.j.p.h.s.HTTPSamplerBase: Parser for text/xml is org.apache.jmeter.protocol.http.parser.LagartoBasedHtmlParser
2025-08-26 16:42:10,844 INFO o.a.j.p.h.s.HTTPSamplerBase: Parser for text/vnd.wap.wml is org.apache.jmeter.protocol.http.parser.RegexpHTMLParser
2025-08-26 16:42:10,844 INFO o.a.j.p.h.s.HTTPSamplerBase: Parser for text/css is org.apache.jmeter.protocol.http.parser.CssParser
2025-08-26 16:42:11,656 INFO o.a.j.s.FileServer: Set new base='C:\a\desempenho-pcc\imagens cpu e memoria'
2025-08-26 16:52:28,407 INFO o.a.j.e.StandardJMeterEngine: Running the test!
2025-08-26 16:52:28,416 INFO o.a.j.s.SampleEvent: List of sample_variables: []
2025-08-26 16:52:28,416 INFO o.a.j.s.SampleEvent: List of sample_variables: []
2025-08-26 16:52:28,419 INFO o.a.j.e.u.CompoundVariable: Note: Function class names must contain the string: '.functions.'
2025-08-26 16:52:28,419 INFO o.a.j.e.u.CompoundVariable: Note: Function class names must not contain the string: '.gui.'
2025-08-26 16:52:30,188 INFO o.a.j.r.ClassFinder: Will scan jar C:\a\desempenho-pcc\apache-jmeter-5.6.3\apache-jmeter-5.6.3\lib\ext\jmeter-plugins-manager-1.11.jar with filter ExtendsClassFilter [parents=[interface org.apache.jmeter.functions.Function], inner=false, contains=null, notContains=null]. Consider exposing JMeter plugins via META-INF/services, and add JMeter-Skip-Class-Scanning=true manifest attribute so JMeter can skip classfile scanning
2025-08-26 16:52:30,235 INFO o.a.j.r.ClassFinder: Will scan jar C:\a\desempenho-pcc\apache-jmeter-5.6.3\apache-jmeter-5.6.3\lib\ext\jmeter-plugins-perfmon-2.1.jar with filter ExtendsClassFilter [parents=[interface org.apache.jmeter.functions.Function], inner=false, contains=null, notContains=null]. Consider exposing JMeter plugins via META-INF/services, and add JMeter-Skip-Class-Scanning=true manifest attribute so JMeter can skip classfile scanning
2025-08-26 16:52:30,251 INFO k.a.j.p.PerfMonCollector: PerfMon metrics will be stored in C:\Users\Mirell\AppData\Local\Temp\perfmon_7413763452903590473.jtl
2025-08-26 16:52:30,454 INFO o.a.j.g.u.JMeterMenuBar: setRunning(true, *local*)
2025-08-26 16:52:32,782 INFO o.a.j.e.StandardJMeterEngine: Starting ThreadGroup: 1 : Thread Group
2025-08-26 16:52:32,782 INFO o.a.j.e.StandardJMeterEngine: Starting 10 threads for group Thread Group.
2025-08-26 16:52:32,782 INFO o.a.j.e.StandardJMeterEngine: Thread will continue on error
2025-08-26 16:52:32,782 INFO o.a.j.t.ThreadGroup: Starting thread group... number=1 threads=10 ramp-up=0 delayedStart=false
2025-08-26 16:52:32,798 INFO o.a.j.t.ThreadGroup: Started thread group number 1
2025-08-26 16:52:32,798 INFO o.a.j.e.StandardJMeterEngine: All thread groups have been started
2025-08-26 16:52:32,813 INFO o.a.j.t.JMeterThread: Thread started: Thread Group 1-1
2025-08-26 16:52:32,813 INFO o.a.j.t.JMeterThread: Thread started: Thread Group 1-6
2025-08-26 16:52:32,813 INFO o.a.j.t.JMeterThread: Thread started: Thread Group 1-2
2025-08-26 16:52:32,829 INFO o.a.j.t.JMeterThread: Thread started: Thread Group 1-5
2025-08-26 16:52:32,829 INFO o.a.j.t.JMeterThread: Thread started: Thread Group 1-4
2025-08-26 16:52:32,829 INFO o.a.j.t.JMeterThread: Thread started: Thread Group 1-7
2025-08-26 16:52:32,829 INFO o.a.j.t.JMeterThread: Thread started: Thread Group 1-3
2025-08-26 16:52:32,829 INFO o.a.j.t.JMeterThread: Thread started: Thread Group 1-8
2025-08-26 16:52:32,829 INFO o.a.j.t.JMeterThread: Thread started: Thread Group 1-10
2025-08-26 16:52:32,829 INFO o.a.j.t.JMeterThread: Thread started: Thread Group 1-9
2025-08-26 16:52:32,860 INFO o.a.j.p.h.s.HTTPHCAbstractImpl: Local host = Mirelle
2025-08-26 16:52:32,891 INFO o.a.j.p.h.s.HTTPHC4Impl: HTTP request retry count = 0
2025-08-26 16:52:32,891 INFO o.a.j.s.SampleResult: Note: Sample TimeStamps are START times
2025-08-26 16:52:32,891 INFO o.a.j.s.SampleResult: sampleresult.default.encoding is set to UTF-8
2025-08-26 16:52:32,891 INFO o.a.j.s.SampleResult: sampleresult.useNanoTime=true
2025-08-26 16:52:32,891 INFO o.a.j.s.SampleResult: sampleresult.nanoThreadSleep=5000
2025-08-26 16:52:42,206 INFO o.a.j.t.JMeterThread: Thread is done: Thread Group 1-5
2025-08-26 16:52:42,206 INFO o.a.j.t.JMeterThread: Thread finished: Thread Group 1-5
2025-08-26 16:52:43,284 INFO o.a.j.t.JMeterThread: Thread is done: Thread Group 1-6
2025-08-26 16:52:43,284 INFO o.a.j.t.JMeterThread: Thread finished: Thread Group 1-6
2025-08-26 16:52:43,503 INFO o.a.j.t.JMeterThread: Thread is done: Thread Group 1-9
2025-08-26 16:52:43,503 INFO o.a.j.t.JMeterThread: Thread finished: Thread Group 1-9
2025-08-26 16:52:43,972 INFO o.a.j.t.JMeterThread: Thread is done: Thread Group 1-8
2025-08-26 16:52:43,972 INFO o.a.j.t.JMeterThread: Thread finished: Thread Group 1-8
2025-08-26 16:52:44,487 INFO o.a.j.t.JMeterThread: Thread is done: Thread Group 1-2
2025-08-26 16:52:44,487 INFO o.a.j.t.JMeterThread: Thread finished: Thread Group 1-2
2025-08-26 16:52:44,800 INFO o.a.j.t.JMeterThread: Thread is done: Thread Group 1-10
2025-08-26 16:52:44,815 INFO o.a.j.t.JMeterThread: Thread finished: Thread Group 1-10
2025-08-26 16:52:45,112 INFO o.a.j.t.JMeterThread: Thread is done: Thread Group 1-3
2025-08-26 16:52:45,112 INFO o.a.j.t.JMeterThread: Thread finished: Thread Group 1-3
2025-08-26 16:52:45,331 INFO o.a.j.t.JMeterThread: Thread is done: Thread Group 1-7
2025-08-26 16:52:45,331 INFO o.a.j.t.JMeterThread: Thread finished: Thread Group 1-7
2025-08-26 16:52:45,440 INFO o.a.j.t.JMeterThread: Thread is done: Thread Group 1-1
2025-08-26 16:52:45,440 INFO o.a.j.t.JMeterThread: Thread finished: Thread Group 1-1
2025-08-26 16:52:45,534 INFO o.a.j.t.JMeterThread: Thread is done: Thread Group 1-4
2025-08-26 16:52:45,534 INFO o.a.j.t.JMeterThread: Thread finished: Thread Group 1-4
2025-08-26 16:52:45,534 INFO o.a.j.e.StandardJMeterEngine: Notifying test listeners of end of test
2025-08-26 16:52:45,534 INFO o.a.j.g.u.JMeterMenuBar: setRunning(false, *local*)
2025-08-26 16:57:44,143 INFO o.a.j.e.StandardJMeterEngine: Running the test!
2025-08-26 16:57:44,174 INFO o.a.j.s.SampleEvent: List of sample_variables: []
2025-08-26 16:57:44,190 INFO k.a.j.p.PerfMonCollector: PerfMon metrics will be stored in C:\Users\Mirell\AppData\Local\Temp\perfmon_2524540394890166597.jtl
2025-08-26 16:57:44,331 INFO o.a.j.g.u.JMeterMenuBar: setRunning(true, *local*)
2025-08-26 16:57:45,346 INFO o.a.j.e.StandardJMeterEngine: Starting ThreadGroup: 1 : Thread Group
2025-08-26 16:57:45,346 INFO o.a.j.e.StandardJMeterEngine: Starting 10 threads for group Thread Group.
2025-08-26 16:57:45,346 INFO o.a.j.e.StandardJMeterEngine: Thread will continue on error
2025-08-26 16:57:45,346 INFO o.a.j.t.ThreadGroup: Starting thread group... number=1 threads=10 ramp-up=0 delayedStart=false
2025-08-26 16:57:45,362 INFO o.a.j.t.ThreadGroup: Started thread group number 1
2025-08-26 16:57:45,362 INFO o.a.j.e.StandardJMeterEngine: All thread groups have been started
2025-08-26 16:57:45,377 INFO o.a.j.t.JMeterThread: Thread started: Thread Group 1-1
2025-08-26 16:57:45,377 INFO o.a.j.t.JMeterThread: Thread started: Thread Group 1-10
2025-08-26 16:57:45,393 INFO o.a.j.t.JMeterThread: Thread started: Thread Group 1-2
2025-08-26 16:57:45,393 INFO o.a.j.t.JMeterThread: Thread started: Thread Group 1-3
2025-08-26 16:57:45,393 INFO o.a.j.t.JMeterThread: Thread started: Thread Group 1-4
2025-08-26 16:57:45,393 INFO o.a.j.t.JMeterThread: Thread started: Thread Group 1-5
2025-08-26 16:57:45,393 INFO o.a.j.t.JMeterThread: Thread started: Thread Group 1-6
2025-08-26 16:57:45,393 INFO o.a.j.t.JMeterThread: Thread started: Thread Group 1-7
2025-08-26 16:57:45,393 INFO o.a.j.t.JMeterThread: Thread started: Thread Group 1-8
2025-08-26 16:57:45,393 INFO o.a.j.t.JMeterThread: Thread started: Thread Group 1-9
2025-08-26 16:57:53,769 INFO o.a.j.t.JMeterThread: Thread is done: Thread Group 1-4
2025-08-26 16:57:53,769 INFO o.a.j.t.JMeterThread: Thread finished: Thread Group 1-4
2025-08-26 16:57:54,847 INFO o.a.j.t.JMeterThread: Thread is done: Thread Group 1-6
2025-08-26 16:57:54,847 INFO o.a.j.t.JMeterThread: Thread finished: Thread Group 1-6
2025-08-26 16:57:55,987 INFO o.a.j.t.JMeterThread: Thread is done: Thread Group 1-3
2025-08-26 16:57:55,987 INFO o.a.j.t.JMeterThread: Thread finished: Thread Group 1-3
2025-08-26 16:57:56,769 INFO o.a.j.t.JMeterThread: Thread is done: Thread Group 1-2
2025-08-26 16:57:56,769 INFO o.a.j.t.JMeterThread: Thread finished: Thread Group 1-2
2025-08-26 16:57:56,987 INFO o.a.j.t.JMeterThread: Thread is done: Thread Group 1-8
2025-08-26 16:57:56,987 INFO o.a.j.t.JMeterThread: Thread finished: Thread Group 1-8
2025-08-26 16:57:57,331 INFO o.a.j.t.JMeterThread: Thread is done: Thread Group 1-1
2025-08-26 16:57:57,331 INFO o.a.j.t.JMeterThread: Thread finished: Thread Group 1-1
2025-08-26 16:57:57,597 INFO o.a.j.t.JMeterThread: Thread is done: Thread Group 1-10
2025-08-26 16:57:57,597 INFO o.a.j.t.JMeterThread: Thread finished: Thread Group 1-10
2025-08-26 16:57:58,519 INFO o.a.j.t.JMeterThread: Thread is done: Thread Group 1-9
2025-08-26 16:57:58,519 INFO o.a.j.t.JMeterThread: Thread finished: Thread Group 1-9
2025-08-26 16:57:58,644 INFO o.a.j.t.JMeterThread: Thread is done: Thread Group 1-5
2025-08-26 16:57:58,644 INFO o.a.j.t.JMeterThread: Thread finished: Thread Group 1-5
2025-08-26 16:57:58,925 INFO o.a.j.t.JMeterThread: Thread is done: Thread Group 1-7
2025-08-26 16:57:58,925 INFO o.a.j.t.JMeterThread: Thread finished: Thread Group 1-7
2025-08-26 16:57:58,925 INFO o.a.j.e.StandardJMeterEngine: Notifying test listeners of end of test
2025-08-26 16:57:58,925 INFO o.a.j.g.u.JMeterMenuBar: setRunning(false, *local*)
2025-08-26 17:07:02,180 INFO k.a.c.GraphPanelChart: Saving CSV to C:\a\desempenho-pcc\imagens cpu e memoria\cpu e memoria java_script.csv
2025-08-26 17:19:18,039 INFO o.a.j.e.StandardJMeterEngine: Running the test!
2025-08-26 17:19:18,039 INFO o.a.j.s.SampleEvent: List of sample_variables: []
2025-08-26 17:19:18,054 INFO k.a.j.p.PerfMonCollector: PerfMon metrics will be stored in C:\Users\Mirell\AppData\Local\Temp\perfmon_4469912375897687141.jtl
2025-08-26 17:19:18,086 INFO o.a.j.g.u.JMeterMenuBar: setRunning(true, *local*)
2025-08-26 17:19:19,119 INFO o.a.j.e.StandardJMeterEngine: Starting ThreadGroup: 1 : Thread Group
2025-08-26 17:19:19,119 INFO o.a.j.e.StandardJMeterEngine: Starting 50 threads for group Thread Group.
2025-08-26 17:19:19,119 INFO o.a.j.e.StandardJMeterEngine: Thread will continue on error
2025-08-26 17:19:19,119 INFO o.a.j.t.ThreadGroup: Starting thread group... number=1 threads=50 ramp-up=0 delayedStart=false
2025-08-26 17:19:19,152 INFO o.a.j.t.JMeterThread: Thread started: Thread Group 1-17
2025-08-26 17:19:19,168 INFO o.a.j.t.JMeterThread: Thread started: Thread Group 1-16
2025-08-26 17:19:19,168 INFO o.a.j.t.ThreadGroup: Started thread group number 1
2025-08-26 17:19:19,168 INFO o.a.j.e.StandardJMeterEngine: All thread groups have been started
2025-08-26 17:19:19,168 INFO o.a.j.t.JMeterThread: Thread started: Thread Group 1-1
2025-08-26 17:19:19,184 INFO o.a.j.t.JMeterThread: Thread started: Thread Group 1-18
2025-08-26 17:19:19,184 INFO o.a.j.t.JMeterThread: Thread started: Thread Group 1-12
2025-08-26 17:19:19,184 INFO o.a.j.t.JMeterThread: Thread started: Thread Group 1-11
2025-08-26 17:19:19,199 INFO o.a.j.t.JMeterThread: Thread started: Thread Group 1-13
2025-08-26 17:19:19,199 INFO o.a.j.t.JMeterThread: Thread started: Thread Group 1-2
2025-08-26 17:19:19,231 INFO o.a.j.t.JMeterThread: Thread started: Thread Group 1-3
2025-08-26 17:19:19,246 INFO o.a.j.t.JMeterThread: Thread started: Thread Group 1-4
2025-08-26 17:19:19,293 INFO o.a.j.t.JMeterThread: Thread started: Thread Group 1-5
2025-08-26 17:19:19,309 INFO o.a.j.t.JMeterThread: Thread started: Thread Group 1-6
2025-08-26 17:19:19,309 INFO o.a.j.t.JMeterThread: Thread started: Thread Group 1-7
2025-08-26 17:19:19,324 INFO o.a.j.t.JMeterThread: Thread started: Thread Group 1-8
2025-08-26 17:19:19,340 INFO o.a.j.t.JMeterThread: Thread started: Thread Group 1-9
2025-08-26 17:19:19,371 INFO o.a.j.t.JMeterThread: Thread started: Thread Group 1-10
2025-08-26 17:19:19,371 INFO o.a.j.t.JMeterThread: Thread started: Thread Group 1-14
2025-08-26 17:19:19,371 INFO o.a.j.t.JMeterThread: Thread started: Thread Group 1-15
2025-08-26 17:19:19,402 INFO o.a.j.t.JMeterThread: Thread started: Thread Group 1-19
2025-08-26 17:19:19,402 INFO o.a.j.t.JMeterThread: Thread started: Thread Group 1-30
2025-08-26 17:19:19,418 INFO o.a.j.t.JMeterThread: Thread started: Thread Group 1-33
2025-08-26 17:19:19,433 INFO o.a.j.t.JMeterThread: Thread started: Thread Group 1-20
2025-08-26 17:19:19,433 INFO o.a.j.t.JMeterThread: Thread started: Thread Group 1-44
2025-08-26 17:19:19,449 INFO o.a.j.t.JMeterThread: Thread started: Thread Group 1-21
2025-08-26 17:19:19,449 INFO o.a.j.t.JMeterThread: Thread started: Thread Group 1-22
2025-08-26 17:19:19,465 INFO o.a.j.t.JMeterThread: Thread started: Thread Group 1-23
2025-08-26 17:19:19,480 INFO o.a.j.t.JMeterThread: Thread started: Thread Group 1-24
2025-08-26 17:19:19,480 INFO o.a.j.t.JMeterThread: Thread started: Thread Group 1-25
2025-08-26 17:19:19,480 INFO o.a.j.t.JMeterThread: Thread started: Thread Group 1-26
2025-08-26 17:19:19,480 INFO o.a.j.t.JMeterThread: Thread started: Thread Group 1-27
2025-08-26 17:19:19,496 INFO o.a.j.t.JMeterThread: Thread started: Thread Group 1-28
2025-08-26 17:19:19,496 INFO o.a.j.t.JMeterThread: Thread started: Thread Group 1-29
2025-08-26 17:19:19,511 INFO o.a.j.t.JMeterThread: Thread started: Thread Group 1-31
2025-08-26 17:19:19,511 INFO o.a.j.t.JMeterThread: Thread started: Thread Group 1-32
2025-08-26 17:19:19,511 INFO o.a.j.t.JMeterThread: Thread started: Thread Group 1-34
2025-08-26 17:19:19,527 INFO o.a.j.t.JMeterThread: Thread started: Thread Group 1-35
2025-08-26 17:19:19,527 INFO o.a.j.t.JMeterThread: Thread started: Thread Group 1-36
2025-08-26 17:19:19,543 INFO o.a.j.t.JMeterThread: Thread started: Thread Group 1-37
2025-08-26 17:19:19,543 INFO o.a.j.t.JMeterThread: Thread started: Thread Group 1-38
2025-08-26 17:19:19,574 INFO o.a.j.t.JMeterThread: Thread started: Thread Group 1-39
2025-08-26 17:19:19,590 INFO o.a.j.t.JMeterThread: Thread started: Thread Group 1-40
2025-08-26 17:19:19,605 INFO o.a.j.t.JMeterThread: Thread started: Thread Group 1-41
2025-08-26 17:19:19,621 INFO o.a.j.t.JMeterThread: Thread started: Thread Group 1-42
2025-08-26 17:19:19,621 INFO o.a.j.t.JMeterThread: Thread started: Thread Group 1-43
2025-08-26 17:19:19,636 INFO o.a.j.t.JMeterThread: Thread started: Thread Group 1-45
2025-08-26 17:19:19,636 INFO o.a.j.t.JMeterThread: Thread started: Thread Group 1-47
2025-08-26 17:19:19,636 INFO o.a.j.t.JMeterThread: Thread started: Thread Group 1-48
2025-08-26 17:19:19,652 INFO o.a.j.t.JMeterThread: Thread started: Thread Group 1-46
2025-08-26 17:19:19,668 INFO o.a.j.t.JMeterThread: Thread started: Thread Group 1-49
2025-08-26 17:19:19,668 INFO o.a.j.t.JMeterThread: Thread started: Thread Group 1-50
2025-08-26 17:19:54,856 INFO o.a.j.t.JMeterThread: Thread is done: Thread Group 1-7
2025-08-26 17:19:54,856 INFO o.a.j.t.JMeterThread: Thread finished: Thread Group 1-7
2025-08-26 17:19:58,312 INFO o.a.j.t.JMeterThread: Thread is done: Thread Group 1-21
2025-08-26 17:19:58,312 INFO o.a.j.t.JMeterThread: Thread finished: Thread Group 1-21
2025-08-26 17:19:59,070 INFO o.a.j.t.JMeterThread: Thread is done: Thread Group 1-33
2025-08-26 17:19:59,070 INFO o.a.j.t.JMeterThread: Thread finished: Thread Group 1-33
2025-08-26 17:19:59,561 INFO o.a.j.t.JMeterThread: Thread is done: Thread Group 1-9
2025-08-26 17:19:59,561 INFO o.a.j.t.JMeterThread: Thread finished: Thread Group 1-9
2025-08-26 17:19:59,962 INFO o.a.j.t.JMeterThread: Thread is done: Thread Group 1-5
2025-08-26 17:19:59,962 INFO o.a.j.t.JMeterThread: Thread finished: Thread Group 1-5
2025-08-26 17:20:01,435 INFO o.a.j.t.JMeterThread: Thread is done: Thread Group 1-12
2025-08-26 17:20:01,435 INFO o.a.j.t.JMeterThread: Thread finished: Thread Group 1-12
2025-08-26 17:20:01,539 INFO o.a.j.t.JMeterThread: Thread is done: Thread Group 1-11
2025-08-26 17:20:01,540 INFO o.a.j.t.JMeterThread: Thread finished: Thread Group 1-11
2025-08-26 17:20:01,621 INFO o.a.j.t.JMeterThread: Thread is done: Thread Group 1-10
2025-08-26 17:20:01,621 INFO o.a.j.t.JMeterThread: Thread finished: Thread Group 1-10
2025-08-26 17:20:01,730 INFO o.a.j.t.JMeterThread: Thread is done: Thread Group 1-28
2025-08-26 17:20:01,730 INFO o.a.j.t.JMeterThread: Thread finished: Thread Group 1-28
2025-08-26 17:20:02,008 INFO o.a.j.t.JMeterThread: Thread is done: Thread Group 1-18
2025-08-26 17:20:02,024 INFO o.a.j.t.JMeterThread: Thread finished: Thread Group 1-18
2025-08-26 17:20:03,070 INFO o.a.j.t.JMeterThread: Thread is done: Thread Group 1-19
2025-08-26 17:20:03,070 INFO o.a.j.t.JMeterThread: Thread finished: Thread Group 1-19
2025-08-26 17:20:03,164 INFO o.a.j.t.JMeterThread: Thread is done: Thread Group 1-14
2025-08-26 17:20:03,164 INFO o.a.j.t.JMeterThread: Thread finished: Thread Group 1-14
2025-08-26 17:20:03,273 INFO o.a.j.t.JMeterThread: Thread is done: Thread Group 1-29
2025-08-26 17:20:03,273 INFO o.a.j.t.JMeterThread: Thread finished: Thread Group 1-29
2025-08-26 17:20:03,556 INFO o.a.j.t.JMeterThread: Thread is done: Thread Group 1-3
2025-08-26 17:20:03,556 INFO o.a.j.t.JMeterThread: Thread finished: Thread Group 1-3
2025-08-26 17:20:03,650 INFO o.a.j.t.JMeterThread: Thread is done: Thread Group 1-23
2025-08-26 17:20:03,650 INFO o.a.j.t.JMeterThread: Thread finished: Thread Group 1-23
2025-08-26 17:20:03,853 INFO o.a.j.t.JMeterThread: Thread is done: Thread Group 1-8
2025-08-26 17:20:03,853 INFO o.a.j.t.JMeterThread: Thread finished: Thread Group 1-8
2025-08-26 17:20:03,952 INFO o.a.j.t.JMeterThread: Thread is done: Thread Group 1-2
2025-08-26 17:20:03,952 INFO o.a.j.t.JMeterThread: Thread finished: Thread Group 1-2
2025-08-26 17:20:04,053 INFO o.a.j.t.JMeterThread: Thread is done: Thread Group 1-49
2025-08-26 17:20:04,054 INFO o.a.j.t.JMeterThread: Thread finished: Thread Group 1-49
2025-08-26 17:20:04,136 INFO o.a.j.t.JMeterThread: Thread is done: Thread Group 1-31
2025-08-26 17:20:04,136 INFO o.a.j.t.JMeterThread: Thread finished: Thread Group 1-31
2025-08-26 17:20:04,243 INFO o.a.j.t.JMeterThread: Thread is done: Thread Group 1-25
2025-08-26 17:20:04,243 INFO o.a.j.t.JMeterThread: Thread finished: Thread Group 1-25
2025-08-26 17:20:04,541 INFO o.a.j.t.JMeterThread: Thread is done: Thread Group 1-27
2025-08-26 17:20:04,541 INFO o.a.j.t.JMeterThread: Thread finished: Thread Group 1-27
2025-08-26 17:20:04,664 INFO o.a.j.t.JMeterThread: Thread is done: Thread Group 1-1
2025-08-26 17:20:04,664 INFO o.a.j.t.JMeterThread: Thread finished: Thread Group 1-1
2025-08-26 17:20:04,758 INFO o.a.j.t.JMeterThread: Thread is done: Thread Group 1-13
2025-08-26 17:20:04,758 INFO o.a.j.t.JMeterThread: Thread finished: Thread Group 1-13
2025-08-26 17:20:04,868 INFO o.a.j.t.JMeterThread: Thread is done: Thread Group 1-4
2025-08-26 17:20:04,868 INFO o.a.j.t.JMeterThread: Thread finished: Thread Group 1-4
2025-08-26 17:20:04,961 INFO o.a.j.t.JMeterThread: Thread is done: Thread Group 1-16
2025-08-26 17:20:04,961 INFO o.a.j.t.JMeterThread: Thread finished: Thread Group 1-16
2025-08-26 17:20:05,070 INFO o.a.j.t.JMeterThread: Thread is done: Thread Group 1-6
2025-08-26 17:20:05,070 INFO o.a.j.t.JMeterThread: Thread finished: Thread Group 1-6
2025-08-26 17:20:05,164 INFO o.a.j.t.JMeterThread: Thread is done: Thread Group 1-30
2025-08-26 17:20:05,164 INFO o.a.j.t.JMeterThread: Thread finished: Thread Group 1-30
2025-08-26 17:20:05,259 INFO o.a.j.t.JMeterThread: Thread is done: Thread Group 1-20
2025-08-26 17:20:05,259 INFO o.a.j.t.JMeterThread: Thread finished: Thread Group 1-20
2025-08-26 17:20:05,355 INFO o.a.j.t.JMeterThread: Thread is done: Thread Group 1-44
2025-08-26 17:20:05,355 INFO o.a.j.t.JMeterThread: Thread finished: Thread Group 1-44
2025-08-26 17:20:05,453 INFO o.a.j.t.JMeterThread: Thread is done: Thread Group 1-15
2025-08-26 17:20:05,453 INFO o.a.j.t.JMeterThread: Thread finished: Thread Group 1-15
2025-08-26 17:20:05,540 INFO o.a.j.t.JMeterThread: Thread is done: Thread Group 1-22
2025-08-26 17:20:05,540 INFO o.a.j.t.JMeterThread: Thread finished: Thread Group 1-22
2025-08-26 17:20:05,634 INFO o.a.j.t.JMeterThread: Thread is done: Thread Group 1-17
2025-08-26 17:20:05,634 INFO o.a.j.t.JMeterThread: Thread finished: Thread Group 1-17
2025-08-26 17:20:05,743 INFO o.a.j.t.JMeterThread: Thread is done: Thread Group 1-24
2025-08-26 17:20:05,743 INFO o.a.j.t.JMeterThread: Thread finished: Thread Group 1-24
2025-08-26 17:20:05,845 INFO o.a.j.t.JMeterThread: Thread is done: Thread Group 1-26
2025-08-26 17:20:05,845 INFO o.a.j.t.JMeterThread: Thread finished: Thread Group 1-26
2025-08-26 17:20:06,961 INFO o.a.j.t.JMeterThread: Thread is done: Thread Group 1-42
2025-08-26 17:20:06,961 INFO o.a.j.t.JMeterThread: Thread finished: Thread Group 1-42
2025-08-26 17:20:07,070 INFO o.a.j.t.JMeterThread: Thread is done: Thread Group 1-43
2025-08-26 17:20:07,070 INFO o.a.j.t.JMeterThread: Thread finished: Thread Group 1-43
2025-08-26 17:20:07,164 INFO o.a.j.t.JMeterThread: Thread is done: Thread Group 1-39
2025-08-26 17:20:07,164 INFO o.a.j.t.JMeterThread: Thread finished: Thread Group 1-39
2025-08-26 17:20:07,259 INFO o.a.j.t.JMeterThread: Thread is done: Thread Group 1-37
2025-08-26 17:20:07,259 INFO o.a.j.t.JMeterThread: Thread finished: Thread Group 1-37
2025-08-26 17:20:07,367 INFO o.a.j.t.JMeterThread: Thread is done: Thread Group 1-38
2025-08-26 17:20:07,367 INFO o.a.j.t.JMeterThread: Thread finished: Thread Group 1-38
2025-08-26 17:20:07,461 INFO o.a.j.t.JMeterThread: Thread is done: Thread Group 1-34
2025-08-26 17:20:07,461 INFO o.a.j.t.JMeterThread: Thread finished: Thread Group 1-34
2025-08-26 17:20:07,555 INFO o.a.j.t.JMeterThread: Thread is done: Thread Group 1-35
2025-08-26 17:20:07,555 INFO o.a.j.t.JMeterThread: Thread finished: Thread Group 1-35
2025-08-26 17:20:07,656 INFO o.a.j.t.JMeterThread: Thread is done: Thread Group 1-32
2025-08-26 17:20:07,657 INFO o.a.j.t.JMeterThread: Thread finished: Thread Group 1-32
2025-08-26 17:20:07,743 INFO o.a.j.t.JMeterThread: Thread is done: Thread Group 1-36
2025-08-26 17:20:07,743 INFO o.a.j.t.JMeterThread: Thread finished: Thread Group 1-36
2025-08-26 17:20:07,837 INFO o.a.j.t.JMeterThread: Thread is done: Thread Group 1-40
2025-08-26 17:20:07,837 INFO o.a.j.t.JMeterThread: Thread finished: Thread Group 1-40
2025-08-26 17:20:07,946 INFO o.a.j.t.JMeterThread: Thread is done: Thread Group 1-41
2025-08-26 17:20:07,946 INFO o.a.j.t.JMeterThread: Thread finished: Thread Group 1-41
2025-08-26 17:20:08,047 INFO o.a.j.t.JMeterThread: Thread is done: Thread Group 1-45
2025-08-26 17:20:08,047 INFO o.a.j.t.JMeterThread: Thread finished: Thread Group 1-45
2025-08-26 17:20:08,134 INFO o.a.j.t.JMeterThread: Thread is done: Thread Group 1-47
2025-08-26 17:20:08,134 INFO o.a.j.t.JMeterThread: Thread finished: Thread Group 1-47
2025-08-26 17:20:08,228 INFO o.a.j.t.JMeterThread: Thread is done: Thread Group 1-48
2025-08-26 17:20:08,228 INFO o.a.j.t.JMeterThread: Thread finished: Thread Group 1-48
2025-08-26 17:20:08,339 INFO o.a.j.t.JMeterThread: Thread is done: Thread Group 1-50
2025-08-26 17:20:08,339 INFO o.a.j.t.JMeterThread: Thread finished: Thread Group 1-50
2025-08-26 17:20:08,430 INFO o.a.j.t.JMeterThread: Thread is done: Thread Group 1-46
2025-08-26 17:20:08,430 INFO o.a.j.t.JMeterThread: Thread finished: Thread Group 1-46
2025-08-26 17:20:08,430 INFO o.a.j.e.StandardJMeterEngine: Notifying test listeners of end of test
2025-08-26 17:20:08,430 INFO o.a.j.g.u.JMeterMenuBar: setRunning(false, *local*)
2025-08-26 17:24:48,478 INFO o.a.j.s.FileServer: Set new base='C:\a\desempenho-pcc\imagens cpu e memoria'
2025-08-26 17:25:32,711 INFO o.a.j.s.FileServer: Set new base='C:\a\desempenho-pcc\imagens cpu e memoria'
2025-08-26 17:34:03,482 INFO o.a.j.e.StandardJMeterEngine: Running the test!
2025-08-26 17:34:03,482 INFO o.a.j.s.SampleEvent: List of sample_variables: []
2025-08-26 17:34:03,482 INFO k.a.j.p.PerfMonCollector: PerfMon metrics will be stored in C:\Users\Mirell\AppData\Local\Temp\perfmon_7593533779678164936.jtl
2025-08-26 17:34:03,498 INFO o.a.j.g.u.JMeterMenuBar: setRunning(true, *local*)
2025-08-26 17:34:03,763 INFO o.a.j.e.StandardJMeterEngine: Starting ThreadGroup: 1 : Thread Group
2025-08-26 17:34:03,763 INFO o.a.j.e.StandardJMeterEngine: Starting 10 threads for group Thread Group.
2025-08-26 17:34:03,763 INFO o.a.j.e.StandardJMeterEngine: Thread will continue on error
2025-08-26 17:34:03,763 INFO o.a.j.t.ThreadGroup: Starting thread group... number=1 threads=10 ramp-up=0 delayedStart=false
2025-08-26 17:34:03,779 INFO o.a.j.t.ThreadGroup: Started thread group number 1
2025-08-26 17:34:03,779 INFO o.a.j.e.StandardJMeterEngine: All thread groups have been started
2025-08-26 17:34:03,779 INFO o.a.j.t.JMeterThread: Thread started: Thread Group 1-1
2025-08-26 17:34:03,779 INFO o.a.j.t.JMeterThread: Thread started: Thread Group 1-2
2025-08-26 17:34:03,795 INFO o.a.j.t.JMeterThread: Thread started: Thread Group 1-3
2025-08-26 17:34:03,795 INFO o.a.j.t.JMeterThread: Thread started: Thread Group 1-4
2025-08-26 17:34:03,810 INFO o.a.j.t.JMeterThread: Thread started: Thread Group 1-5
2025-08-26 17:34:03,826 INFO o.a.j.t.JMeterThread: Thread started: Thread Group 1-6
2025-08-26 17:34:03,826 INFO o.a.j.t.JMeterThread: Thread started: Thread Group 1-8
2025-08-26 17:34:03,841 INFO o.a.j.t.JMeterThread: Thread started: Thread Group 1-7
2025-08-26 17:34:03,841 INFO o.a.j.t.JMeterThread: Thread started: Thread Group 1-10
2025-08-26 17:34:03,841 INFO o.a.j.t.JMeterThread: Thread started: Thread Group 1-9
2025-08-26 17:34:07,201 INFO o.a.j.t.JMeterThread: Thread is done: Thread Group 1-2
2025-08-26 17:34:07,201 INFO o.a.j.t.JMeterThread: Thread finished: Thread Group 1-2
2025-08-26 17:34:07,216 INFO o.a.j.t.JMeterThread: Thread is done: Thread Group 1-1
2025-08-26 17:34:07,216 INFO o.a.j.t.JMeterThread: Thread finished: Thread Group 1-1
2025-08-26 17:34:07,232 INFO o.a.j.t.JMeterThread: Thread is done: Thread Group 1-4
2025-08-26 17:34:07,232 INFO o.a.j.t.JMeterThread: Thread finished: Thread Group 1-4
2025-08-26 17:34:07,248 INFO o.a.j.t.JMeterThread: Thread is done: Thread Group 1-3
2025-08-26 17:34:07,248 INFO o.a.j.t.JMeterThread: Thread finished: Thread Group 1-3
2025-08-26 17:34:07,248 INFO o.a.j.t.JMeterThread: Thread is done: Thread Group 1-5
2025-08-26 17:34:07,248 INFO o.a.j.t.JMeterThread: Thread finished: Thread Group 1-5
2025-08-26 17:34:07,263 INFO o.a.j.t.JMeterThread: Thread is done: Thread Group 1-6
2025-08-26 17:34:07,263 INFO o.a.j.t.JMeterThread: Thread finished: Thread Group 1-6
2025-08-26 17:34:07,263 INFO o.a.j.t.JMeterThread: Thread is done: Thread Group 1-8
2025-08-26 17:34:07,263 INFO o.a.j.t.JMeterThread: Thread finished: Thread Group 1-8
2025-08-26 17:34:07,279 INFO o.a.j.t.JMeterThread: Thread is done: Thread Group 1-7
2025-08-26 17:34:07,279 INFO o.a.j.t.JMeterThread: Thread finished: Thread Group 1-7
2025-08-26 17:34:07,295 INFO o.a.j.t.JMeterThread: Thread is done: Thread Group 1-10
2025-08-26 17:34:07,295 INFO o.a.j.t.JMeterThread: Thread finished: Thread Group 1-10
2025-08-26 17:34:07,295 INFO o.a.j.t.JMeterThread: Thread is done: Thread Group 1-9
2025-08-26 17:34:07,295 INFO o.a.j.t.JMeterThread: Thread finished: Thread Group 1-9
2025-08-26 17:34:07,295 INFO o.a.j.e.StandardJMeterEngine: Notifying test listeners of end of test
2025-08-26 17:34:07,295 INFO o.a.j.g.u.JMeterMenuBar: setRunning(false, *local*)
2025-08-26 17:35:07,097 INFO o.a.j.s.FileServer: Set new base='C:\a\desempenho-pcc\imagens cpu e memoria'
2025-08-26 17:35:16,414 INFO o.a.j.g.a.Load: Loading file: C:\a\desempenho-pcc\imagens cpu e memoria\juros-sobre-juros-1000.jmx
2025-08-26 17:35:16,414 INFO o.a.j.s.FileServer: Set new base='C:\a\desempenho-pcc\imagens cpu e memoria'
2025-08-26 17:35:16,414 INFO o.a.j.s.SaveService: Loading file: C:\a\desempenho-pcc\imagens cpu e memoria\juros-sobre-juros-1000.jmx
2025-08-26 17:35:16,617 INFO o.a.j.s.FileServer: Set new base='C:\a\desempenho-pcc\imagens cpu e memoria'
2025-08-26 17:35:48,918 INFO o.a.j.g.a.Load: Loading file: C:\a\desempenho-pcc\imagens cpu e memoria\juros-sobre-juros-500.jmx
2025-08-26 17:35:48,918 INFO o.a.j.s.FileServer: Set new base='C:\a\desempenho-pcc\imagens cpu e memoria'
2025-08-26 17:35:48,918 INFO o.a.j.s.SaveService: Loading file: C:\a\desempenho-pcc\imagens cpu e memoria\juros-sobre-juros-500.jmx
2025-08-26 17:35:49,106 INFO o.a.j.s.FileServer: Set new base='C:\a\desempenho-pcc\imagens cpu e memoria'
2025-08-26 17:36:23,376 INFO o.a.j.s.FileServer: Set new base='C:\a\desempenho-pcc\imagens cpu e memoria'
2025-08-26 17:42:47,883 INFO o.a.j.e.StandardJMeterEngine: Running the test!
2025-08-26 17:42:47,883 INFO o.a.j.s.SampleEvent: List of sample_variables: []
2025-08-26 17:42:47,883 INFO k.a.j.p.PerfMonCollector: PerfMon metrics will be stored in C:\Users\Mirell\AppData\Local\Temp\perfmon_2040667331277166000.jtl
2025-08-26 17:42:47,899 INFO o.a.j.g.u.JMeterMenuBar: setRunning(true, *local*)
2025-08-26 17:42:48,139 INFO o.a.j.e.StandardJMeterEngine: Starting ThreadGroup: 1 : Thread Group
2025-08-26 17:42:48,139 INFO o.a.j.e.StandardJMeterEngine: Starting 100 threads for group Thread Group.
2025-08-26 17:42:48,139 INFO o.a.j.e.StandardJMeterEngine: Thread will continue on error
2025-08-26 17:42:48,139 INFO o.a.j.t.ThreadGroup: Starting thread group... number=1 threads=100 ramp-up=10 delayedStart=false
2025-08-26 17:42:48,154 INFO o.a.j.t.JMeterThread: Thread started: Thread Group 1-1
2025-08-26 17:42:48,201 INFO o.a.j.t.ThreadGroup: Started thread group number 1
2025-08-26 17:42:48,201 INFO o.a.j.e.StandardJMeterEngine: All thread groups have been started
2025-08-26 17:42:48,312 INFO o.a.j.t.JMeterThread: Thread started: Thread Group 1-2
2025-08-26 17:42:48,347 INFO o.a.j.t.JMeterThread: Thread is done: Thread Group 1-1
2025-08-26 17:42:48,347 INFO o.a.j.t.JMeterThread: Thread finished: Thread Group 1-1
2025-08-26 17:42:48,406 INFO o.a.j.t.JMeterThread: Thread started: Thread Group 1-3
2025-08-26 17:42:48,483 INFO o.a.j.t.JMeterThread: Thread is done: Thread Group 1-2
2025-08-26 17:42:48,483 INFO o.a.j.t.JMeterThread: Thread finished: Thread Group 1-2
2025-08-26 17:42:48,516 INFO o.a.j.t.JMeterThread: Thread started: Thread Group 1-4
2025-08-26 17:42:48,610 INFO o.a.j.t.JMeterThread: Thread started: Thread Group 1-5
2025-08-26 17:42:48,630 INFO o.a.j.t.JMeterThread: Thread is done: Thread Group 1-3
2025-08-26 17:42:48,630 INFO o.a.j.t.JMeterThread: Thread finished: Thread Group 1-3
2025-08-26 17:42:48,704 INFO o.a.j.t.JMeterThread: Thread started: Thread Group 1-6
2025-08-26 17:42:48,745 INFO o.a.j.t.JMeterThread: Thread is done: Thread Group 1-4
2025-08-26 17:42:48,745 INFO o.a.j.t.JMeterThread: Thread finished: Thread Group 1-4
2025-08-26 17:42:48,814 INFO o.a.j.t.JMeterThread: Thread started: Thread Group 1-7
2025-08-26 17:42:48,865 INFO o.a.j.t.JMeterThread: Thread is done: Thread Group 1-5
2025-08-26 17:42:48,865 INFO o.a.j.t.JMeterThread: Thread finished: Thread Group 1-5
2025-08-26 17:42:48,910 INFO o.a.j.t.JMeterThread: Thread started: Thread Group 1-8
2025-08-26 17:42:49,010 INFO o.a.j.t.JMeterThread: Thread started: Thread Group 1-9
2025-08-26 17:42:49,114 INFO o.a.j.t.JMeterThread: Thread started: Thread Group 1-10
2025-08-26 17:42:49,200 INFO o.a.j.t.JMeterThread: Thread started: Thread Group 1-11
2025-08-26 17:42:49,301 INFO o.a.j.t.JMeterThread: Thread started: Thread Group 1-12
2025-08-26 17:42:49,400 INFO o.a.j.t.JMeterThread: Thread started: Thread Group 1-13
2025-08-26 17:42:49,475 INFO o.a.j.t.JMeterThread: Thread is done: Thread Group 1-6
2025-08-26 17:42:49,475 INFO o.a.j.t.JMeterThread: Thread finished: Thread Group 1-6
2025-08-26 17:42:49,500 INFO o.a.j.t.JMeterThread: Thread started: Thread Group 1-14
2025-08-26 17:42:49,600 INFO o.a.j.t.JMeterThread: Thread started: Thread Group 1-15
2025-08-26 17:42:49,626 INFO o.a.j.t.JMeterThread: Thread is done: Thread Group 1-7
2025-08-26 17:42:49,627 INFO o.a.j.t.JMeterThread: Thread finished: Thread Group 1-7
2025-08-26 17:42:49,700 INFO o.a.j.t.JMeterThread: Thread started: Thread Group 1-16
2025-08-26 17:42:49,762 INFO o.a.j.t.JMeterThread: Thread is done: Thread Group 1-8
2025-08-26 17:42:49,763 INFO o.a.j.t.JMeterThread: Thread finished: Thread Group 1-8
2025-08-26 17:42:49,801 INFO o.a.j.t.JMeterThread: Thread started: Thread Group 1-17
2025-08-26 17:42:49,900 INFO o.a.j.t.JMeterThread: Thread started: Thread Group 1-18
2025-08-26 17:42:49,978 INFO o.a.j.t.JMeterThread: Thread is done: Thread Group 1-9
2025-08-26 17:42:49,979 INFO o.a.j.t.JMeterThread: Thread finished: Thread Group 1-9
2025-08-26 17:42:50,000 INFO o.a.j.t.JMeterThread: Thread started: Thread Group 1-19
2025-08-26 17:42:50,102 INFO o.a.j.t.JMeterThread: Thread started: Thread Group 1-20
2025-08-26 17:42:50,138 INFO o.a.j.t.JMeterThread: Thread is done: Thread Group 1-10
2025-08-26 17:42:50,138 INFO o.a.j.t.JMeterThread: Thread finished: Thread Group 1-10
2025-08-26 17:42:50,202 INFO o.a.j.t.JMeterThread: Thread started: Thread Group 1-21
2025-08-26 17:42:50,255 INFO o.a.j.t.JMeterThread: Thread is done: Thread Group 1-11
2025-08-26 17:42:50,255 INFO o.a.j.t.JMeterThread: Thread finished: Thread Group 1-11
2025-08-26 17:42:50,304 INFO o.a.j.t.JMeterThread: Thread started: Thread Group 1-22
2025-08-26 17:42:50,368 INFO o.a.j.t.JMeterThread: Thread is done: Thread Group 1-12
2025-08-26 17:42:50,368 INFO o.a.j.t.JMeterThread: Thread finished: Thread Group 1-12
2025-08-26 17:42:50,403 INFO o.a.j.t.JMeterThread: Thread started: Thread Group 1-23
2025-08-26 17:42:50,497 INFO o.a.j.t.JMeterThread: Thread is done: Thread Group 1-13
2025-08-26 17:42:50,497 INFO o.a.j.t.JMeterThread: Thread finished: Thread Group 1-13
2025-08-26 17:42:50,502 INFO o.a.j.t.JMeterThread: Thread started: Thread Group 1-24
2025-08-26 17:42:50,603 INFO o.a.j.t.JMeterThread: Thread started: Thread Group 1-25
2025-08-26 17:42:50,604 INFO o.a.j.t.JMeterThread: Thread is done: Thread Group 1-14
2025-08-26 17:42:50,604 INFO o.a.j.t.JMeterThread: Thread finished: Thread Group 1-14
2025-08-26 17:42:50,703 INFO o.a.j.t.JMeterThread: Thread started: Thread Group 1-26
2025-08-26 17:42:50,714 INFO o.a.j.t.JMeterThread: Thread is done: Thread Group 1-15
2025-08-26 17:42:50,714 INFO o.a.j.t.JMeterThread: Thread finished: Thread Group 1-15
2025-08-26 17:42:50,803 INFO o.a.j.t.JMeterThread: Thread started: Thread Group 1-27
2025-08-26 17:42:50,855 INFO o.a.j.t.JMeterThread: Thread is done: Thread Group 1-16
2025-08-26 17:42:50,855 INFO o.a.j.t.JMeterThread: Thread finished: Thread Group 1-16
2025-08-26 17:42:50,903 INFO o.a.j.t.JMeterThread: Thread started: Thread Group 1-28
2025-08-26 17:42:50,967 INFO o.a.j.t.JMeterThread: Thread is done: Thread Group 1-17
2025-08-26 17:42:50,967 INFO o.a.j.t.JMeterThread: Thread finished: Thread Group 1-17
2025-08-26 17:42:50,987 INFO o.a.j.t.JMeterThread: Thread started: Thread Group 1-29
2025-08-26 17:42:51,071 INFO o.a.j.t.JMeterThread: Thread is done: Thread Group 1-18
2025-08-26 17:42:51,072 INFO o.a.j.t.JMeterThread: Thread finished: Thread Group 1-18
2025-08-26 17:42:51,087 INFO o.a.j.t.JMeterThread: Thread started: Thread Group 1-30
2025-08-26 17:42:51,176 INFO o.a.j.t.JMeterThread: Thread is done: Thread Group 1-19
2025-08-26 17:42:51,176 INFO o.a.j.t.JMeterThread: Thread finished: Thread Group 1-19
2025-08-26 17:42:51,187 INFO o.a.j.t.JMeterThread: Thread started: Thread Group 1-31
2025-08-26 17:42:51,281 INFO o.a.j.t.JMeterThread: Thread is done: Thread Group 1-20
2025-08-26 17:42:51,281 INFO o.a.j.t.JMeterThread: Thread finished: Thread Group 1-20
2025-08-26 17:42:51,290 INFO o.a.j.t.JMeterThread: Thread started: Thread Group 1-32
2025-08-26 17:42:51,390 INFO o.a.j.t.JMeterThread: Thread is done: Thread Group 1-21
2025-08-26 17:42:51,390 INFO o.a.j.t.JMeterThread: Thread finished: Thread Group 1-21
2025-08-26 17:42:51,390 INFO o.a.j.t.JMeterThread: Thread started: Thread Group 1-33
2025-08-26 17:42:51,490 INFO o.a.j.t.JMeterThread: Thread started: Thread Group 1-34
2025-08-26 17:42:51,500 INFO o.a.j.t.JMeterThread: Thread is done: Thread Group 1-22
2025-08-26 17:42:51,500 INFO o.a.j.t.JMeterThread: Thread finished: Thread Group 1-22
2025-08-26 17:42:51,590 INFO o.a.j.t.JMeterThread: Thread started: Thread Group 1-35
2025-08-26 17:42:51,607 INFO o.a.j.t.JMeterThread: Thread is done: Thread Group 1-23
2025-08-26 17:42:51,607 INFO o.a.j.t.JMeterThread: Thread finished: Thread Group 1-23
2025-08-26 17:42:51,690 INFO o.a.j.t.JMeterThread: Thread started: Thread Group 1-36
2025-08-26 17:42:51,708 INFO o.a.j.t.JMeterThread: Thread is done: Thread Group 1-24
2025-08-26 17:42:51,708 INFO o.a.j.t.JMeterThread: Thread finished: Thread Group 1-24
2025-08-26 17:42:51,791 INFO o.a.j.t.JMeterThread: Thread started: Thread Group 1-37
2025-08-26 17:42:51,816 INFO o.a.j.t.JMeterThread: Thread is done: Thread Group 1-25
2025-08-26 17:42:51,816 INFO o.a.j.t.JMeterThread: Thread finished: Thread Group 1-25
2025-08-26 17:42:51,891 INFO o.a.j.t.JMeterThread: Thread started: Thread Group 1-38
2025-08-26 17:42:51,925 INFO o.a.j.t.JMeterThread: Thread is done: Thread Group 1-26
2025-08-26 17:42:51,925 INFO o.a.j.t.JMeterThread: Thread finished: Thread Group 1-26
2025-08-26 17:42:51,991 INFO o.a.j.t.JMeterThread: Thread started: Thread Group 1-39
2025-08-26 17:42:52,035 INFO o.a.j.t.JMeterThread: Thread is done: Thread Group 1-27
2025-08-26 17:42:52,036 INFO o.a.j.t.JMeterThread: Thread finished: Thread Group 1-27
2025-08-26 17:42:52,091 INFO o.a.j.t.JMeterThread: Thread started: Thread Group 1-40
2025-08-26 17:42:52,139 INFO o.a.j.t.JMeterThread: Thread is done: Thread Group 1-28
2025-08-26 17:42:52,140 INFO o.a.j.t.JMeterThread: Thread finished: Thread Group 1-28
2025-08-26 17:42:52,193 INFO o.a.j.t.JMeterThread: Thread started: Thread Group 1-41
2025-08-26 17:42:52,227 INFO o.a.j.t.JMeterThread: Thread is done: Thread Group 1-29
2025-08-26 17:42:52,227 INFO o.a.j.t.JMeterThread: Thread finished: Thread Group 1-29
2025-08-26 17:42:52,294 INFO o.a.j.t.JMeterThread: Thread started: Thread Group 1-42
2025-08-26 17:42:52,345 INFO o.a.j.t.JMeterThread: Thread is done: Thread Group 1-30
2025-08-26 17:42:52,346 INFO o.a.j.t.JMeterThread: Thread finished: Thread Group 1-30
2025-08-26 17:42:52,394 INFO o.a.j.t.JMeterThread: Thread started: Thread Group 1-43
2025-08-26 17:42:52,465 INFO o.a.j.t.JMeterThread: Thread is done: Thread Group 1-31
2025-08-26 17:42:52,465 INFO o.a.j.t.JMeterThread: Thread finished: Thread Group 1-31
2025-08-26 17:42:52,494 INFO o.a.j.t.JMeterThread: Thread started: Thread Group 1-44
2025-08-26 17:42:52,581 INFO o.a.j.t.JMeterThread: Thread is done: Thread Group 1-32
2025-08-26 17:42:52,582 INFO o.a.j.t.JMeterThread: Thread finished: Thread Group 1-32
2025-08-26 17:42:52,594 INFO o.a.j.t.JMeterThread: Thread started: Thread Group 1-45
2025-08-26 17:42:52,694 INFO o.a.j.t.JMeterThread: Thread started: Thread Group 1-46
2025-08-26 17:42:52,774 INFO o.a.j.t.JMeterThread: Thread is done: Thread Group 1-33
2025-08-26 17:42:52,775 INFO o.a.j.t.JMeterThread: Thread finished: Thread Group 1-33
2025-08-26 17:42:52,794 INFO o.a.j.t.JMeterThread: Thread started: Thread Group 1-47
2025-08-26 17:42:52,881 INFO o.a.j.t.JMeterThread: Thread is done: Thread Group 1-34
2025-08-26 17:42:52,882 INFO o.a.j.t.JMeterThread: Thread finished: Thread Group 1-34
2025-08-26 17:42:52,895 INFO o.a.j.t.JMeterThread: Thread started: Thread Group 1-48
2025-08-26 17:42:52,995 INFO o.a.j.t.JMeterThread: Thread started: Thread Group 1-49
2025-08-26 17:42:53,031 INFO o.a.j.t.JMeterThread: Thread is done: Thread Group 1-35
2025-08-26 17:42:53,032 INFO o.a.j.t.JMeterThread: Thread finished: Thread Group 1-35
2025-08-26 17:42:53,097 INFO o.a.j.t.JMeterThread: Thread started: Thread Group 1-50
2025-08-26 17:42:53,171 INFO o.a.j.t.JMeterThread: Thread is done: Thread Group 1-36
2025-08-26 17:42:53,171 INFO o.a.j.t.JMeterThread: Thread finished: Thread Group 1-36
2025-08-26 17:42:53,197 INFO o.a.j.t.JMeterThread: Thread started: Thread Group 1-51
2025-08-26 17:42:53,276 INFO o.a.j.t.JMeterThread: Thread is done: Thread Group 1-37
2025-08-26 17:42:53,276 INFO o.a.j.t.JMeterThread: Thread finished: Thread Group 1-37
2025-08-26 17:42:53,296 INFO o.a.j.t.JMeterThread: Thread started: Thread Group 1-52
2025-08-26 17:42:53,384 INFO o.a.j.t.JMeterThread: Thread is done: Thread Group 1-38
2025-08-26 17:42:53,384 INFO o.a.j.t.JMeterThread: Thread finished: Thread Group 1-38
2025-08-26 17:42:53,396 INFO o.a.j.t.JMeterThread: Thread started: Thread Group 1-53
2025-08-26 17:42:53,496 INFO o.a.j.t.JMeterThread: Thread started: Thread Group 1-54
2025-08-26 17:42:53,536 INFO o.a.j.t.JMeterThread: Thread is done: Thread Group 1-39
2025-08-26 17:42:53,536 INFO o.a.j.t.JMeterThread: Thread finished: Thread Group 1-39
2025-08-26 17:42:53,593 INFO o.a.j.t.JMeterThread: Thread started: Thread Group 1-55
2025-08-26 17:42:53,640 INFO o.a.j.t.JMeterThread: Thread is done: Thread Group 1-40
2025-08-26 17:42:53,640 INFO o.a.j.t.JMeterThread: Thread finished: Thread Group 1-40
2025-08-26 17:42:53,682 INFO o.a.j.t.JMeterThread: Thread started: Thread Group 1-56
2025-08-26 17:42:53,748 INFO o.a.j.t.JMeterThread: Thread is done: Thread Group 1-41
2025-08-26 17:42:53,749 INFO o.a.j.t.JMeterThread: Thread finished: Thread Group 1-41
2025-08-26 17:42:53,782 INFO o.a.j.t.JMeterThread: Thread started: Thread Group 1-57
2025-08-26 17:42:53,851 INFO o.a.j.t.JMeterThread: Thread is done: Thread Group 1-42
2025-08-26 17:42:53,851 INFO o.a.j.t.JMeterThread: Thread finished: Thread Group 1-42
2025-08-26 17:42:53,882 INFO o.a.j.t.JMeterThread: Thread started: Thread Group 1-58
2025-08-26 17:42:53,961 INFO o.a.j.t.JMeterThread: Thread is done: Thread Group 1-43
2025-08-26 17:42:53,961 INFO o.a.j.t.JMeterThread: Thread finished: Thread Group 1-43
2025-08-26 17:42:53,983 INFO o.a.j.t.JMeterThread: Thread started: Thread Group 1-59
2025-08-26 17:42:54,072 INFO o.a.j.t.JMeterThread: Thread is done: Thread Group 1-44
2025-08-26 17:42:54,072 INFO o.a.j.t.JMeterThread: Thread finished: Thread Group 1-44
2025-08-26 17:42:54,083 INFO o.a.j.t.JMeterThread: Thread started: Thread Group 1-60
2025-08-26 17:42:54,176 INFO o.a.j.t.JMeterThread: Thread is done: Thread Group 1-45
2025-08-26 17:42:54,177 INFO o.a.j.t.JMeterThread: Thread finished: Thread Group 1-45
2025-08-26 17:42:54,182 INFO o.a.j.t.JMeterThread: Thread started: Thread Group 1-61
2025-08-26 17:42:54,281 INFO o.a.j.t.JMeterThread: Thread is done: Thread Group 1-46
2025-08-26 17:42:54,281 INFO o.a.j.t.JMeterThread: Thread finished: Thread Group 1-46
2025-08-26 17:42:54,284 INFO o.a.j.t.JMeterThread: Thread started: Thread Group 1-62
2025-08-26 17:42:54,384 INFO o.a.j.t.JMeterThread: Thread is done: Thread Group 1-47
2025-08-26 17:42:54,384 INFO o.a.j.t.JMeterThread: Thread started: Thread Group 1-63
2025-08-26 17:42:54,384 INFO o.a.j.t.JMeterThread: Thread finished: Thread Group 1-47
2025-08-26 17:42:54,484 INFO o.a.j.t.JMeterThread: Thread started: Thread Group 1-64
2025-08-26 17:42:54,493 INFO o.a.j.t.JMeterThread: Thread is done: Thread Group 1-48
2025-08-26 17:42:54,494 INFO o.a.j.t.JMeterThread: Thread finished: Thread Group 1-48
2025-08-26 17:42:54,585 INFO o.a.j.t.JMeterThread: Thread started: Thread Group 1-65
2025-08-26 17:42:54,593 INFO o.a.j.t.JMeterThread: Thread is done: Thread Group 1-49
2025-08-26 17:42:54,593 INFO o.a.j.t.JMeterThread: Thread finished: Thread Group 1-49
2025-08-26 17:42:54,685 INFO o.a.j.t.JMeterThread: Thread started: Thread Group 1-66
2025-08-26 17:42:54,693 INFO o.a.j.t.JMeterThread: Thread is done: Thread Group 1-50
2025-08-26 17:42:54,693 INFO o.a.j.t.JMeterThread: Thread finished: Thread Group 1-50
2025-08-26 17:42:54,785 INFO o.a.j.t.JMeterThread: Thread started: Thread Group 1-67
2025-08-26 17:42:54,798 INFO o.a.j.t.JMeterThread: Thread is done: Thread Group 1-51
2025-08-26 17:42:54,798 INFO o.a.j.t.JMeterThread: Thread finished: Thread Group 1-51
2025-08-26 17:42:54,885 INFO o.a.j.t.JMeterThread: Thread started: Thread Group 1-68
2025-08-26 17:42:54,904 INFO o.a.j.t.JMeterThread: Thread is done: Thread Group 1-52
2025-08-26 17:42:54,905 INFO o.a.j.t.JMeterThread: Thread finished: Thread Group 1-52
2025-08-26 17:42:54,986 INFO o.a.j.t.JMeterThread: Thread started: Thread Group 1-69
2025-08-26 17:42:55,021 INFO o.a.j.t.JMeterThread: Thread is done: Thread Group 1-53
2025-08-26 17:42:55,021 INFO o.a.j.t.JMeterThread: Thread finished: Thread Group 1-53
2025-08-26 17:42:55,086 INFO o.a.j.t.JMeterThread: Thread started: Thread Group 1-70
2025-08-26 17:42:55,122 INFO o.a.j.t.JMeterThread: Thread is done: Thread Group 1-54
2025-08-26 17:42:55,123 INFO o.a.j.t.JMeterThread: Thread finished: Thread Group 1-54
2025-08-26 17:42:55,187 INFO o.a.j.t.JMeterThread: Thread started: Thread Group 1-71
2025-08-26 17:42:55,228 INFO o.a.j.t.JMeterThread: Thread is done: Thread Group 1-55
2025-08-26 17:42:55,229 INFO o.a.j.t.JMeterThread: Thread finished: Thread Group 1-55
2025-08-26 17:42:55,287 INFO o.a.j.t.JMeterThread: Thread started: Thread Group 1-72
2025-08-26 17:42:55,329 INFO o.a.j.t.JMeterThread: Thread is done: Thread Group 1-56
2025-08-26 17:42:55,329 INFO o.a.j.t.JMeterThread: Thread finished: Thread Group 1-56
2025-08-26 17:42:55,386 INFO o.a.j.t.JMeterThread: Thread started: Thread Group 1-73
2025-08-26 17:42:55,437 INFO o.a.j.t.JMeterThread: Thread is done: Thread Group 1-57
2025-08-26 17:42:55,437 INFO o.a.j.t.JMeterThread: Thread finished: Thread Group 1-57
2025-08-26 17:42:55,487 INFO o.a.j.t.JMeterThread: Thread started: Thread Group 1-74
2025-08-26 17:42:55,540 INFO o.a.j.t.JMeterThread: Thread is done: Thread Group 1-58
2025-08-26 17:42:55,541 INFO o.a.j.t.JMeterThread: Thread finished: Thread Group 1-58
2025-08-26 17:42:55,587 INFO o.a.j.t.JMeterThread: Thread started: Thread Group 1-75
2025-08-26 17:42:55,641 INFO o.a.j.t.JMeterThread: Thread is done: Thread Group 1-59
2025-08-26 17:42:55,642 INFO o.a.j.t.JMeterThread: Thread finished: Thread Group 1-59
2025-08-26 17:42:55,688 INFO o.a.j.t.JMeterThread: Thread started: Thread Group 1-76
2025-08-26 17:42:55,745 INFO o.a.j.t.JMeterThread: Thread is done: Thread Group 1-60
2025-08-26 17:42:55,745 INFO o.a.j.t.JMeterThread: Thread finished: Thread Group 1-60
2025-08-26 17:42:55,788 INFO o.a.j.t.JMeterThread: Thread started: Thread Group 1-77
2025-08-26 17:42:55,854 INFO o.a.j.t.JMeterThread: Thread is done: Thread Group 1-61
2025-08-26 17:42:55,854 INFO o.a.j.t.JMeterThread: Thread finished: Thread Group 1-61
2025-08-26 17:42:55,889 INFO o.a.j.t.JMeterThread: Thread started: Thread Group 1-78
2025-08-26 17:42:55,963 INFO o.a.j.t.JMeterThread: Thread is done: Thread Group 1-62
2025-08-26 17:42:55,963 INFO o.a.j.t.JMeterThread: Thread finished: Thread Group 1-62
2025-08-26 17:42:55,989 INFO o.a.j.t.JMeterThread: Thread started: Thread Group 1-79
2025-08-26 17:42:56,065 INFO o.a.j.t.JMeterThread: Thread is done: Thread Group 1-63
2025-08-26 17:42:56,065 INFO o.a.j.t.JMeterThread: Thread finished: Thread Group 1-63
2025-08-26 17:42:56,089 INFO o.a.j.t.JMeterThread: Thread started: Thread Group 1-80
2025-08-26 17:42:56,168 INFO o.a.j.t.JMeterThread: Thread is done: Thread Group 1-64
2025-08-26 17:42:56,168 INFO o.a.j.t.JMeterThread: Thread finished: Thread Group 1-64
2025-08-26 17:42:56,189 INFO o.a.j.t.JMeterThread: Thread started: Thread Group 1-81
2025-08-26 17:42:56,258 INFO o.a.j.t.JMeterThread: Thread is done: Thread Group 1-65
2025-08-26 17:42:56,258 INFO o.a.j.t.JMeterThread: Thread finished: Thread Group 1-65
2025-08-26 17:42:56,274 INFO o.a.j.t.JMeterThread: Thread started: Thread Group 1-82
2025-08-26 17:42:56,374 INFO o.a.j.t.JMeterThread: Thread started: Thread Group 1-83
2025-08-26 17:42:56,375 INFO o.a.j.t.JMeterThread: Thread is done: Thread Group 1-66
2025-08-26 17:42:56,375 INFO o.a.j.t.JMeterThread: Thread finished: Thread Group 1-66
2025-08-26 17:42:56,475 INFO o.a.j.t.JMeterThread: Thread started: Thread Group 1-84
2025-08-26 17:42:56,495 INFO o.a.j.t.JMeterThread: Thread is done: Thread Group 1-67
2025-08-26 17:42:56,495 INFO o.a.j.t.JMeterThread: Thread finished: Thread Group 1-67
2025-08-26 17:42:56,575 INFO o.a.j.t.JMeterThread: Thread started: Thread Group 1-85
2025-08-26 17:42:56,595 INFO o.a.j.t.JMeterThread: Thread is done: Thread Group 1-68
2025-08-26 17:42:56,595 INFO o.a.j.t.JMeterThread: Thread finished: Thread Group 1-68
2025-08-26 17:42:56,674 INFO o.a.j.t.JMeterThread: Thread started: Thread Group 1-86
2025-08-26 17:42:56,707 INFO o.a.j.t.JMeterThread: Thread is done: Thread Group 1-69
2025-08-26 17:42:56,707 INFO o.a.j.t.JMeterThread: Thread finished: Thread Group 1-69
2025-08-26 17:42:56,776 INFO o.a.j.t.JMeterThread: Thread started: Thread Group 1-87
2025-08-26 17:42:56,810 INFO o.a.j.t.JMeterThread: Thread is done: Thread Group 1-70
2025-08-26 17:42:56,810 INFO o.a.j.t.JMeterThread: Thread finished: Thread Group 1-70
2025-08-26 17:42:56,876 INFO o.a.j.t.JMeterThread: Thread started: Thread Group 1-88
2025-08-26 17:42:56,914 INFO o.a.j.t.JMeterThread: Thread is done: Thread Group 1-71
2025-08-26 17:42:56,915 INFO o.a.j.t.JMeterThread: Thread finished: Thread Group 1-71
2025-08-26 17:42:56,976 INFO o.a.j.t.JMeterThread: Thread started: Thread Group 1-89
2025-08-26 17:42:57,018 INFO o.a.j.t.JMeterThread: Thread is done: Thread Group 1-72
2025-08-26 17:42:57,019 INFO o.a.j.t.JMeterThread: Thread finished: Thread Group 1-72
2025-08-26 17:42:57,077 INFO o.a.j.t.JMeterThread: Thread started: Thread Group 1-90
2025-08-26 17:42:57,118 INFO o.a.j.t.JMeterThread: Thread is done: Thread Group 1-73
2025-08-26 17:42:57,118 INFO o.a.j.t.JMeterThread: Thread finished: Thread Group 1-73
2025-08-26 17:42:57,177 INFO o.a.j.t.JMeterThread: Thread started: Thread Group 1-91
2025-08-26 17:42:57,221 INFO o.a.j.t.JMeterThread: Thread is done: Thread Group 1-74
2025-08-26 17:42:57,221 INFO o.a.j.t.JMeterThread: Thread finished: Thread Group 1-74
2025-08-26 17:42:57,278 INFO o.a.j.t.JMeterThread: Thread started: Thread Group 1-92
2025-08-26 17:42:57,331 INFO o.a.j.t.JMeterThread: Thread is done: Thread Group 1-75
2025-08-26 17:42:57,331 INFO o.a.j.t.JMeterThread: Thread finished: Thread Group 1-75
2025-08-26 17:42:57,378 INFO o.a.j.t.JMeterThread: Thread started: Thread Group 1-93
2025-08-26 17:42:57,438 INFO o.a.j.t.JMeterThread: Thread is done: Thread Group 1-76
2025-08-26 17:42:57,438 INFO o.a.j.t.JMeterThread: Thread finished: Thread Group 1-76
2025-08-26 17:42:57,479 INFO o.a.j.t.JMeterThread: Thread started: Thread Group 1-94
2025-08-26 17:42:57,540 INFO o.a.j.t.JMeterThread: Thread is done: Thread Group 1-77
2025-08-26 17:42:57,541 INFO o.a.j.t.JMeterThread: Thread finished: Thread Group 1-77
2025-08-26 17:42:57,579 INFO o.a.j.t.JMeterThread: Thread started: Thread Group 1-95
2025-08-26 17:42:57,641 INFO o.a.j.t.JMeterThread: Thread is done: Thread Group 1-78
2025-08-26 17:42:57,641 INFO o.a.j.t.JMeterThread: Thread finished: Thread Group 1-78
2025-08-26 17:42:57,681 INFO o.a.j.t.JMeterThread: Thread started: Thread Group 1-96
2025-08-26 17:42:57,745 INFO o.a.j.t.JMeterThread: Thread is done: Thread Group 1-79
2025-08-26 17:42:57,745 INFO o.a.j.t.JMeterThread: Thread finished: Thread Group 1-79
2025-08-26 17:42:57,780 INFO o.a.j.t.JMeterThread: Thread started: Thread Group 1-97
2025-08-26 17:42:57,847 INFO o.a.j.t.JMeterThread: Thread is done: Thread Group 1-80
2025-08-26 17:42:57,847 INFO o.a.j.t.JMeterThread: Thread finished: Thread Group 1-80
2025-08-26 17:42:57,880 INFO o.a.j.t.JMeterThread: Thread started: Thread Group 1-98
2025-08-26 17:42:57,953 INFO o.a.j.t.JMeterThread: Thread is done: Thread Group 1-81
2025-08-26 17:42:57,953 INFO o.a.j.t.JMeterThread: Thread finished: Thread Group 1-81
2025-08-26 17:42:57,981 INFO o.a.j.t.JMeterThread: Thread started: Thread Group 1-99
2025-08-26 17:42:58,055 INFO o.a.j.t.JMeterThread: Thread is done: Thread Group 1-82
2025-08-26 17:42:58,055 INFO o.a.j.t.JMeterThread: Thread finished: Thread Group 1-82
2025-08-26 17:42:58,081 INFO o.a.j.t.JMeterThread: Thread started: Thread Group 1-100
2025-08-26 17:42:58,143 INFO o.a.j.t.JMeterThread: Thread is done: Thread Group 1-83
2025-08-26 17:42:58,143 INFO o.a.j.t.JMeterThread: Thread finished: Thread Group 1-83
2025-08-26 17:42:58,237 INFO o.a.j.t.JMeterThread: Thread is done: Thread Group 1-84
2025-08-26 17:42:58,237 INFO o.a.j.t.JMeterThread: Thread finished: Thread Group 1-84
2025-08-26 17:42:58,337 INFO o.a.j.t.JMeterThread: Thread is done: Thread Group 1-85
2025-08-26 17:42:58,337 INFO o.a.j.t.JMeterThread: Thread finished: Thread Group 1-85
2025-08-26 17:42:58,483 INFO o.a.j.t.JMeterThread: Thread is done: Thread Group 1-86
2025-08-26 17:42:58,483 INFO o.a.j.t.JMeterThread: Thread finished: Thread Group 1-86
2025-08-26 17:42:58,570 INFO o.a.j.t.JMeterThread: Thread is done: Thread Group 1-87
2025-08-26 17:42:58,570 INFO o.a.j.t.JMeterThread: Thread finished: Thread Group 1-87
2025-08-26 17:42:58,664 INFO o.a.j.t.JMeterThread: Thread is done: Thread Group 1-88
2025-08-26 17:42:58,664 INFO o.a.j.t.JMeterThread: Thread finished: Thread Group 1-88
2025-08-26 17:42:58,774 INFO o.a.j.t.JMeterThread: Thread is done: Thread Group 1-89
2025-08-26 17:42:58,774 INFO o.a.j.t.JMeterThread: Thread finished: Thread Group 1-89
2025-08-26 17:42:58,861 INFO o.a.j.t.JMeterThread: Thread is done: Thread Group 1-90
2025-08-26 17:42:58,861 INFO o.a.j.t.JMeterThread: Thread finished: Thread Group 1-90
2025-08-26 17:42:58,977 INFO o.a.j.t.JMeterThread: Thread is done: Thread Group 1-91
2025-08-26 17:42:58,977 INFO o.a.j.t.JMeterThread: Thread finished: Thread Group 1-91
2025-08-26 17:42:59,072 INFO o.a.j.t.JMeterThread: Thread is done: Thread Group 1-92
2025-08-26 17:42:59,072 INFO o.a.j.t.JMeterThread: Thread finished: Thread Group 1-92
2025-08-26 17:42:59,166 INFO o.a.j.t.JMeterThread: Thread is done: Thread Group 1-93
2025-08-26 17:42:59,166 INFO o.a.j.t.JMeterThread: Thread finished: Thread Group 1-93
2025-08-26 17:42:59,269 INFO o.a.j.t.JMeterThread: Thread is done: Thread Group 1-94
2025-08-26 17:42:59,269 INFO o.a.j.t.JMeterThread: Thread finished: Thread Group 1-94
2025-08-26 17:42:59,353 INFO o.a.j.t.JMeterThread: Thread is done: Thread Group 1-95
2025-08-26 17:42:59,353 INFO o.a.j.t.JMeterThread: Thread finished: Thread Group 1-95
2025-08-26 17:42:59,474 INFO o.a.j.t.JMeterThread: Thread is done: Thread Group 1-96
2025-08-26 17:42:59,474 INFO o.a.j.t.JMeterThread: Thread finished: Thread Group 1-96
2025-08-26 17:42:59,555 INFO o.a.j.t.JMeterThread: Thread is done: Thread Group 1-97
2025-08-26 17:42:59,571 INFO o.a.j.t.JMeterThread: Thread finished: Thread Group 1-97
2025-08-26 17:42:59,665 INFO o.a.j.t.JMeterThread: Thread is done: Thread Group 1-98
2025-08-26 17:42:59,665 INFO o.a.j.t.JMeterThread: Thread finished: Thread Group 1-98
2025-08-26 17:42:59,766 INFO o.a.j.t.JMeterThread: Thread is done: Thread Group 1-99
2025-08-26 17:42:59,766 INFO o.a.j.t.JMeterThread: Thread finished: Thread Group 1-99
2025-08-26 17:42:59,853 INFO o.a.j.t.JMeterThread: Thread is done: Thread Group 1-100
2025-08-26 17:42:59,853 INFO o.a.j.t.JMeterThread: Thread finished: Thread Group 1-100
2025-08-26 17:42:59,853 INFO o.a.j.e.StandardJMeterEngine: Notifying test listeners of end of test
2025-08-26 17:42:59,853 INFO o.a.j.g.u.JMeterMenuBar: setRunning(false, *local*)
